
> fixflow@0.1.0 build
> next build --webpack

▲ Next.js 16.3.5 (webpack)
- Environments: .env.local, .env
✓ Running next.config.ts took 54ms
- Experiments (use with caution):
  ⨯ useTypeScriptCli

  Creating an optimized production build ...
✓ Compiled successfully in 8.9s
  Running TypeScript ...
  Finished TypeScript in 9.8s ...
  Collecting page data using 7 workers ...
  Generating static pages using 7 workers (0/9) ...
  Generating static pages using 7 workers (2/9) 
  Generating static pages using 7 workers (4/9) 
  Generating static pages using 7 workers (6/9) 
✓ Generating static pages using 7 workers (9/9) in 874ms
  Finalizing page optimization ...
  Collecting build traces ...

Route (app)
┌ ○ /
├ ○ /_not-found
├ ƒ /api/documents
├ ○ /history
├ ○ /saved
├ ○ /settings
├ ƒ /sign-in/[[...sign-in]]
├ ƒ /sign-up/[[...sign-up]]
└ ○ /sources


ƒ Proxy (Middleware)

○  (Static)   prerendered as static content
ƒ  (Dynamic)  server-rendered on demand

